[22:18:09.974] Global cache location '/home/fabian/.cache/typescript/6.0', safe file path '/home/fabian/WebstormProjects/HyruleWarriorsHelper/node_modules/typescript/lib/typingSafeList.json', types map path /home/fabian/WebstormProjects/HyruleWarriorsHelper/node_modules/typescript/lib/typesMap.json
[22:18:09.974] Processing cache location '/home/fabian/.cache/typescript/6.0'
[22:18:09.974] Trying to find '/home/fabian/.cache/typescript/6.0/package.json'...
[22:18:09.975] Loaded content of '/home/fabian/.cache/typescript/6.0/package.json':
    {
      "private": true,
      "dependencies": {
        "types-registry": "^0.1.787"
      },
      "devDependencies": {
        "@types/convert-source-map": "^2.0.3",
        "@types/jsdom": "^30.0.0",
        "@types/less": "^3.0.8",
        "@types/node": "^26.5.1",
        "@types/npm-package-arg": "^6.1.4",
        "@types/semver": "^7.8.0",
        "@types/stylus": "^0.48.43",
        "@types/yargs": "^17.0.35"
      }
    }
[22:18:09.975] Loaded content of '/home/fabian/.cache/typescript/6.0/package-lock.json':
    {
      "name": "6.0",
      "lockfileVersion": 3,
      "requires": true,
      "packages": {
        "": {
          "dependencies": {
            "types-registry": "^0.1.787"
          },
          "devDependencies": {
            "@types/convert-source-map": "^2.0.3",
            "@types/jsdom": "^30.0.0",
            "@types/less": "^3.0.8",
            "@types/node": "^26.5.1",
            "@types/npm-package-arg": "^6.1.4",
            "@types/semver": "^7.8.0",
            "@types/stylus": "^0.48.43",
            "@types/yargs": "^17.0.35"
          }
        },
        "node_modules/@types/convert-source-map": {
          "version": "2.0.3",
          "resolved": "https://registry.npmjs.org/@types/convert-source-map/-/convert-source-map-2.0.3.tgz",
          "integrity": "sha512-ag0BfJLZf6CQz8VIuRIEYQ5Ggwk/82uvTQf27RcpyDNbY0Vw49LIPqAxk5tqYfrCs9xDaIMvl4aj7ZopnYL8bA==",
          "dev": true,
          "license": "MIT"
        },
        "node_modules/@types/jsdom": {
          "version": "30.0.0",
          "resolved": "https://registry.npmjs.org/@types/jsdom/-/jsdom-30.0.0.tgz",
          "integrity": "sha512-uAHGxujGE0cDaKGdK28zgDotFtNA7MKq5DXl8LrfdxdCI8VHcg15oJz+amHTChPNI5JpgEPQWc2xFdrw3em/nQ==",
          "dev": true,
          "license": "MIT",
          "dependencies": {
            "@types/node": "*",
            "@types/tough-cookie": "*",
            "parse5": "^8.0.0",
            "undici-types": "^8.9.0"
          }
        },
        "node_modules/@types/less": {
          "version": "3.0.8",
          "resolved": "https://registry.npmjs.org/@types/less/-/less-3.0.8.tgz",
          "integrity": "sha512-Gjm4+H9noDJgu5EdT3rUw5MhPBag46fiOy27BefvWkNL8mlZnKnCaVVVTLKj6RYXed9b62CPKnPav9govyQDzA==",
          "dev": true,
          "license": "MIT"
        },
        "node_modules/@types/node": {
          "version": "26.5.1",
          "resolved": "https://registry.npmjs.org/@types/node/-/node-26.5.1.tgz",
          "integrity": "sha512-CzNm2FezW4VR/LjG6yUdiEgLE/rAQ9Slj5gCu/C2VrdcW7I0ahNZ8DRbHT7zOZ6r3ONgd/bsQIeSaoDGrd1C6g==",
          "dev": true,
          "license": "MIT",
          "dependencies": {
            "undici-types": "~8.9.0"
          }
        },
        "node_modules/@types/npm-package-arg": {
          "version": "6.1.4",
          "resolved": "https://registry.npmjs.org/@types/npm-package-arg/-/npm-package-arg-6.1.4.tgz",
          "integrity": "sha512-vDgdbMy2QXHnAruzlv68pUtXCjmqUk3WrBAsRboRovsOmxbfn/WiYCjmecyKjGztnMps5dWp4Uq2prp+Ilo17Q==",
          "dev": true,
          "license": "MIT"
        },
        "node_modules/@types/semver": {
          "version": "7.8.0",
          "resolved": "https://registry.npmjs.org/@types/semver/-/semver-7.8.0.tgz",
          "integrity": "sha512-1mAINjtQCXXeLkJ9ehXkwOcBpqtLxiVtKhpUf83DdRNdQKV0iXZpaHYqRr7nj+wvxuJzoAmAwXI+sCNMv1CzLQ==",
          "dev": true,
          "license": "MIT"
        },
        "node_modules/@types/stylus": {
          "version": "0.48.43",
          "resolved": "https://registry.npmjs.org/@types/stylus/-/stylus-0.48.43.tgz",
          "integrity": "sha512-72dv/zdhuyXWVHUXG2VTPEQdOG+oen95/DNFx2aMFFaY6LoITI6PwEqf5x31JF49kp2w9hvUzkNfTGBIeg61LQ==",
          "dev": true,
          "license": "MIT",
          "dependencies": {
            "@types/node": "*"
          }
        },
        "node_modules/@types/tough-cookie": {
          "version": "4.0.5",
          "resolved": "https://registry.npmjs.org/@types/tough-cookie/-/tough-cookie-4.0.5.tgz",
          "integrity": "sha512-/Ad8+nIOV7Rl++6f1BdKxFSMgmoqEoYbHRpPcx3JEfv8VRsQe9Z4mCXeJBzxs7mbHY/XOZZuXlRNfhpVPbs6ZA==",
          "dev": true,
          "license": "MIT"
        },
        "node_modules/@types/yargs": {
          "version": "17.0.35",
          "resolved": "https://registry.npmjs.org/@types/yargs/-/yargs-17.0.35.tgz",
          "integrity": "sha512-qUHkeCyQFxMXg79wQfTtfndEC+N9ZZg76HJftDJp+qH2tV7Gj4OJi7l+PiWwJ+pWtW8GwSmqsDj/oymhrTWXjg==",
          "dev": true,
          "license": "MIT",
          "dependencies": {
            "@types/yargs-parser": "*"
          }
        },
        "node_modules/@types/yargs-parser": {
          "version": "21.0.3",
          "resolved": "https://registry.npmjs.org/@types/yargs-parser/-/yargs-parser-21.0.3.tgz",
          "integrity": "sha512-I4q9QU9MQv4oEOz4tAHJtNz1cwuLxn2F3xcc2iV5WdqLPpUnj30aUuxt1mAxYTG+oe8CZMV/+6rU4S4gRDzqtQ==",
          "dev": true,
          "license": "MIT"
        },
        "node_modules/entities": {
          "version": "8.1.0",
          "resolved": "https://registry.npmjs.org/entities/-/entities-8.1.0.tgz",
          "integrity": "sha512-kxL7msIffSuh9aaFAMD7rxAIuTRMAHMeBtgHW2yUdWw732ZNh4MehkF2gdjvtdmikkaIP9bFDDJOPlsvm7avrA==",
          "dev": true,
          "license": "BSD-2-Clause",
          "engines": {
            "node": ">=20.19.0"
          },
          "funding": {
            "url": "https://github.com/fb55/entities?sponsor=1"
          }
        },
        "node_modules/parse5": {
          "version": "8.0.1",
          "resolved": "https://registry.npmjs.org/parse5/-/parse5-8.0.1.tgz",
          "integrity": "sha512-z1e/HMG90obSGeidlli3hj7cbocou0/wa5HacvI3ASx34PecNjNQeaHNo5WIZpWofN9kgkqV1q5YvXe3F0FoPw==",
          "dev": true,
          "license": "MIT",
          "dependencies": {
            "entities": "^8.0.0"
          },
          "funding": {
            "url": "https://github.com/inikulin/parse5?sponsor=1"
          }
        },
        "node_modules/types-registry": {
          "version": "0.1.787",
          "resolved": "https://registry.npmjs.org/types-registry/-/types-registry-0.1.787.tgz",
          "integrity": "sha512-NE8FHGA+03d/QqsCEdvTWHHaDgIsAgmBvKwn4dXAxcJGOkVb57Tq7HgYUE+GBCnBG3BNc2JwwAMZwV9YeKMcuQ==",
          "license": "MIT"
        },
        "node_modules/undici-types": {
          "version": "8.9.0",
          "resolved": "https://registry.npmjs.org/undici-types/-/undici-types-8.9.0.tgz",
          "integrity": "sha512-KTDyRTYX8sWmKXAikPHHSyc63CRPETMctyjKFupcC6OBLXT3xsN0e9aF7m+mIXutFWpUXuedtowG7iLOzp0kQg==",
          "dev": true,
          "license": "MIT"
        }
      }
    }
[22:18:09.977] Adding entry into typings cache: 'convert-source-map' => '/home/fabian/.cache/typescript/6.0/node_modules/@types/convert-source-map/index.d.ts'
[22:18:09.978] Adding entry into typings cache: 'jsdom' => '/home/fabian/.cache/typescript/6.0/node_modules/@types/jsdom/index.d.ts'
[22:18:09.978] Adding entry into typings cache: 'less' => '/home/fabian/.cache/typescript/6.0/node_modules/@types/less/index.d.ts'
[22:18:09.980] Adding entry into typings cache: 'node' => '/home/fabian/.cache/typescript/6.0/node_modules/@types/node/index.d.ts'
[22:18:09.980] Adding entry into typings cache: 'npm-package-arg' => '/home/fabian/.cache/typescript/6.0/node_modules/@types/npm-package-arg/index.d.ts'
[22:18:09.980] Adding entry into typings cache: 'semver' => '/home/fabian/.cache/typescript/6.0/node_modules/@types/semver/index.d.ts'
[22:18:09.980] Adding entry into typings cache: 'stylus' => '/home/fabian/.cache/typescript/6.0/node_modules/@types/stylus/index.d.ts'
[22:18:09.981] Adding entry into typings cache: 'yargs' => '/home/fabian/.cache/typescript/6.0/node_modules/@types/yargs/index.d.ts'
[22:18:09.981] Finished processing cache location '/home/fabian/.cache/typescript/6.0'
[22:18:09.981] Process id: 344404
[22:18:09.981] NPM location: /usr/bin/npm (explicit '--npmLocation' not  provided)
[22:18:09.981] validateDefaultNpmLocation: false
[22:18:09.981] Npm config file: /home/fabian/.cache/typescript/6.0/package.json
[22:18:09.981] Updating types-registry npm package...
[22:18:09.981] Exec: /usr/bin/npm install --ignore-scripts types-registry@latest
[22:18:10.574]     Succeeded. stdout:
    
    up to date, audited 15 packages in 538ms

2 packages are looking for funding
  run `npm fund` for details

found [32m[1m0[22m[39m vulnerabilities

[22:18:10.574] Updated types-registry npm package
[22:18:10.616] Got install request
    {
      "projectName": "/dev/null/inferredProject1*",
      "fileNames": [
        "/home/fabian/WebstormProjects/HyruleWarriorsHelper/node_modules/typescript/lib/lib.es5.d.ts",
        "/home/fabian/WebstormProjects/HyruleWarriorsHelper/node_modules/typescript/lib/lib.es2015.d.ts",
        "/home/fabian/WebstormProjects/HyruleWarriorsHelper/node_modules/typescript/lib/lib.es2016.d.ts",
        "/home/fabian/WebstormProjects/HyruleWarriorsHelper/node_modules/typescript/lib/lib.es2017.d.ts",
        "/home/fabian/WebstormProjects/HyruleWarriorsHelper/node_modules/typescript/lib/lib.es2018.d.ts",
        "/home/fabian/WebstormProjects/HyruleWarriorsHelper/node_modules/typescript/lib/lib.es2019.d.ts",
        "/home/fabian/WebstormProjects/HyruleWarriorsHelper/node_modules/typescript/lib/lib.es2020.d.ts",
        "/home/fabian/WebstormProjects/HyruleWarriorsHelper/node_modules/typescript/lib/lib.es2021.d.ts",
        "/home/fabian/WebstormProjects/HyruleWarriorsHelper/node_modules/typescript/lib/lib.es2022.d.ts",
        "/home/fabian/WebstormProjects/HyruleWarriorsHelper/node_modules/typescript/lib/lib.dom.d.ts",
        "/home/fabian/WebstormProjects/HyruleWarriorsHelper/node_modules/typescript/lib/lib.dom.iterable.d.ts",
        "/home/fabian/WebstormProjects/HyruleWarriorsHelper/node_modules/typescript/lib/lib.dom.asynciterable.d.ts",
        "/home/fabian/WebstormProjects/HyruleWarriorsHelper/node_modules/typescript/lib/lib.webworker.importscripts.d.ts",
        "/home/fabian/WebstormProjects/HyruleWarriorsHelper/node_modules/typescript/lib/lib.scripthost.d.ts",
        "/home/fabian/WebstormProjects/HyruleWarriorsHelper/node_modules/typescript/lib/lib.es2015.core.d.ts",
        "/home/fabian/WebstormProjects/HyruleWarriorsHelper/node_modules/typescript/lib/lib.es2015.collection.d.ts",
        "/home/fabian/WebstormProjects/HyruleWarriorsHelper/node_modules/typescript/lib/lib.es2015.generator.d.ts",
        "/home/fabian/WebstormProjects/HyruleWarriorsHelper/node_modules/typescript/lib/lib.es2015.iterable.d.ts",
        "/home/fabian/WebstormProjects/HyruleWarriorsHelper/node_modules/typescript/lib/lib.es2015.promise.d.ts",
        "/home/fabian/WebstormProjects/HyruleWarriorsHelper/node_modules/typescript/lib/lib.es2015.proxy.d.ts",
        "/home/fabian/WebstormProjects/HyruleWarriorsHelper/node_modules/typescript/lib/lib.es2015.reflect.d.ts",
        "/home/fabian/WebstormProjects/HyruleWarriorsHelper/node_modules/typescript/lib/lib.es2015.symbol.d.ts",
        "/home/fabian/WebstormProjects/HyruleWarriorsHelper/node_modules/typescript/lib/lib.es2015.symbol.wellknown.d.ts",
        "/home/fabian/WebstormProjects/HyruleWarriorsHelper/node_modules/typescript/lib/lib.es2016.array.include.d.ts",
        "/home/fabian/WebstormProjects/HyruleWarriorsHelper/node_modules/typescript/lib/lib.es2016.intl.d.ts",
        "/home/fabian/WebstormProjects/HyruleWarriorsHelper/node_modules/typescript/lib/lib.es2017.arraybuffer.d.ts",
        "/home/fabian/WebstormProjects/HyruleWarriorsHelper/node_modules/typescript/lib/lib.es2017.date.d.ts",
        "/home/fabian/WebstormProjects/HyruleWarriorsHelper/node_modules/typescript/lib/lib.es2017.object.d.ts",
        "/home/fabian/WebstormProjects/HyruleWarriorsHelper/node_modules/typescript/lib/lib.es2017.sharedmemory.d.ts",
        "/home/fabian/WebstormProjects/HyruleWarriorsHelper/node_modules/typescript/lib/lib.es2017.string.d.ts",
        "/home/fabian/WebstormProjects/HyruleWarriorsHelper/node_modules/typescript/lib/lib.es2017.intl.d.ts",
        "/home/fabian/WebstormProjects/HyruleWarriorsHelper/node_modules/typescript/lib/lib.es2017.typedarrays.d.ts",
        "/home/fabian/WebstormProjects/HyruleWarriorsHelper/node_modules/typescript/lib/lib.es2018.asyncgenerator.d.ts",
        "/home/fabian/WebstormProjects/HyruleWarriorsHelper/node_modules/typescript/lib/lib.es2018.asynciterable.d.ts",
        "/home/fabian/WebstormProjects/HyruleWarriorsHelper/node_modules/typescript/lib/lib.es2018.intl.d.ts",
        "/home/fabian/WebstormProjects/HyruleWarriorsHelper/node_modules/typescript/lib/lib.es2018.promise.d.ts",
        "/home/fabian/WebstormProjects/HyruleWarriorsHelper/node_modules/typescript/lib/lib.es2018.regexp.d.ts",
        "/home/fabian/WebstormProjects/HyruleWarriorsHelper/node_modules/typescript/lib/lib.es2019.array.d.ts",
        "/home/fabian/WebstormProjects/HyruleWarriorsHelper/node_modules/typescript/lib/lib.es2019.object.d.ts",
        "/home/fabian/WebstormProjects/HyruleWarriorsHelper/node_modules/typescript/lib/lib.es2019.string.d.ts",
        "/home/fabian/WebstormProjects/HyruleWarriorsHelper/node_modules/typescript/lib/lib.es2019.symbol.d.ts",
        "/home/fabian/WebstormProjects/HyruleWarriorsHelper/node_modules/typescript/lib/lib.es2019.intl.d.ts",
        "/home/fabian/WebstormProjects/HyruleWarriorsHelper/node_modules/typescript/lib/lib.es2020.bigint.d.ts",
        "/home/fabian/WebstormProjects/HyruleWarriorsHelper/node_modules/typescript/lib/lib.es2020.date.d.ts",
        "/home/fabian/WebstormProjects/HyruleWarriorsHelper/node_modules/typescript/lib/lib.es2020.promise.d.ts",
        "/home/fabian/WebstormProjects/HyruleWarriorsHelper/node_modules/typescript/lib/lib.es2020.sharedmemory.d.ts",
        "/home/fabian/WebstormProjects/HyruleWarriorsHelper/node_modules/typescript/lib/lib.es2020.string.d.ts",
        "/home/fabian/WebstormProjects/HyruleWarriorsHelper/node_modules/typescript/lib/lib.es2020.symbol.wellknown.d.ts",
        "/home/fabian/WebstormProjects/HyruleWarriorsHelper/node_modules/typescript/lib/lib.es2020.intl.d.ts",
        "/home/fabian/WebstormProjects/HyruleWarriorsHelper/node_modules/typescript/lib/lib.es2020.number.d.ts",
        "/home/fabian/WebstormProjects/HyruleWarriorsHelper/node_modules/typescript/lib/lib.es2021.promise.d.ts",
        "/home/fabian/WebstormProjects/HyruleWarriorsHelper/node_modules/typescript/lib/lib.es2021.string.d.ts",
        "/home/fabian/WebstormProjects/HyruleWarriorsHelper/node_modules/typescript/lib/lib.es2021.weakref.d.ts",
        "/home/fabian/WebstormProjects/HyruleWarriorsHelper/node_modules/typescript/lib/lib.es2021.intl.d.ts",
        "/home/fabian/WebstormProjects/HyruleWarriorsHelper/node_modules/typescript/lib/lib.es2022.array.d.ts",
        "/home/fabian/WebstormProjects/HyruleWarriorsHelper/node_modules/typescript/lib/lib.es2022.error.d.ts",
        "/home/fabian/WebstormProjects/HyruleWarriorsHelper/node_modules/typescript/lib/lib.es2022.intl.d.ts",
        "/home/fabian/WebstormProjects/HyruleWarriorsHelper/node_modules/typescript/lib/lib.es2022.object.d.ts",
        "/home/fabian/WebstormProjects/HyruleWarriorsHelper/node_modules/typescript/lib/lib.es2022.string.d.ts",
        "/home/fabian/WebstormProjects/HyruleWarriorsHelper/node_modules/typescript/lib/lib.es2022.regexp.d.ts",
        "/home/fabian/WebstormProjects/HyruleWarriorsHelper/node_modules/typescript/lib/lib.decorators.d.ts",
        "/home/fabian/WebstormProjects/HyruleWarriorsHelper/node_modules/typescript/lib/lib.decorators.legacy.d.ts",
        "/home/fabian/WebstormProjects/HyruleWarriorsHelper/node_modules/typescript/lib/lib.es2022.full.d.ts",
        "/home/fabian/WebstormProjects/HyruleWarriorsHelper/src/app/features/maps/components/map-tile/map-tile.component.html"
      ],
      "compilerOptions": {
        "noPropertyAccessFromIndexSignature": true,
        "experimentalDecorators": true,
        "noFallthroughCasesInSwitch": true,
        "skipLibCheck": true,
        "module": 200,
        "noImplicitOverride": true,
        "isolatedModules": true,
        "importHelpers": true,
        "noImplicitReturns": true,
        "target": 9,
        "allowNonTsExtensions": true,
        "noEmitForJsFiles": true
      },
      "typeAcquisition": {
        "enable": true,
        "include": [],
        "exclude": []
      },
      "unresolvedImports": [],
      "projectRootPath": "/home/fabian/WebstormProjects/HyruleWarriorsHelper/src/app/features/maps/components/map-tile",
      "kind": "discover"
    }
[22:18:10.623] Loaded safelist from types map file '/home/fabian/WebstormProjects/HyruleWarriorsHelper/node_modules/typescript/lib/typesMap.json'
[22:18:10.623] Explicitly included types: []
[22:18:10.623] Inferred typings from unresolved imports: []
[22:18:10.623] Finished typings discovery:
    {
      "cachedTypingPaths": [],
      "newTypingNames": [],
      "filesToWatch": [
        "/home/fabian/WebstormProjects/HyruleWarriorsHelper/src/app/features/maps/components/map-tile/bower_components",
        "/home/fabian/WebstormProjects/HyruleWarriorsHelper/src/app/features/maps/components/map-tile/node_modules"
      ]
    }
[22:18:10.623] Sending response:
    {
      "kind": "action::watchTypingLocations",
      "projectName": "/dev/null/inferredProject1*",
      "files": [
        "/home/fabian/WebstormProjects/HyruleWarriorsHelper/src/app/features/maps/components/map-tile/bower_components",
        "/home/fabian/WebstormProjects/HyruleWarriorsHelper/src/app/features/maps/components/map-tile/node_modules"
      ]
    }
[22:18:10.623] Response has been sent.
[22:18:10.624] Sending response:
    {
      "projectName": "/dev/null/inferredProject1*",
      "typeAcquisition": {
        "enable": true,
        "include": [],
        "exclude": []
      },
      "compilerOptions": {
        "noPropertyAccessFromIndexSignature": true,
        "experimentalDecorators": true,
        "noFallthroughCasesInSwitch": true,
        "skipLibCheck": true,
        "module": 200,
        "noImplicitOverride": true,
        "isolatedModules": true,
        "importHelpers": true,
        "noImplicitReturns": true,
        "target": 9,
        "allowNonTsExtensions": true,
        "noEmitForJsFiles": true
      },
      "typings": [],
      "unresolvedImports": [],
      "kind": "action::set"
    }
[22:18:10.624] Response has been sent.
[22:18:10.624] No new typings were requested as a result of typings discovery
[22:18:21.969] Closing file watchers for project '/dev/null/inferredProject1*'
[22:18:21.969] Sending response:
    {
      "kind": "action::watchTypingLocations",
      "projectName": "/dev/null/inferredProject1*",
      "files": []
    }
[22:18:21.969] Response has been sent.
[22:18:21.969] Closing file watchers for project '/dev/null/inferredProject1*' - done.
[22:18:21.973] Got install request
    {
      "projectName": "/dev/null/inferredProject2*",
      "fileNames": [
        "/home/fabian/WebstormProjects/HyruleWarriorsHelper/node_modules/typescript/lib/lib.es5.d.ts",
        "/home/fabian/WebstormProjects/HyruleWarriorsHelper/node_modules/typescript/lib/lib.es2015.d.ts",
        "/home/fabian/WebstormProjects/HyruleWarriorsHelper/node_modules/typescript/lib/lib.es2016.d.ts",
        "/home/fabian/WebstormProjects/HyruleWarriorsHelper/node_modules/typescript/lib/lib.es2017.d.ts",
        "/home/fabian/WebstormProjects/HyruleWarriorsHelper/node_modules/typescript/lib/lib.es2018.d.ts",
        "/home/fabian/WebstormProjects/HyruleWarriorsHelper/node_modules/typescript/lib/lib.es2019.d.ts",
        "/home/fabian/WebstormProjects/HyruleWarriorsHelper/node_modules/typescript/lib/lib.es2020.d.ts",
        "/home/fabian/WebstormProjects/HyruleWarriorsHelper/node_modules/typescript/lib/lib.es2021.d.ts",
        "/home/fabian/WebstormProjects/HyruleWarriorsHelper/node_modules/typescript/lib/lib.es2022.d.ts",
        "/home/fabian/WebstormProjects/HyruleWarriorsHelper/node_modules/typescript/lib/lib.dom.d.ts",
        "/home/fabian/WebstormProjects/HyruleWarriorsHelper/node_modules/typescript/lib/lib.dom.iterable.d.ts",
        "/home/fabian/WebstormProjects/HyruleWarriorsHelper/node_modules/typescript/lib/lib.dom.asynciterable.d.ts",
        "/home/fabian/WebstormProjects/HyruleWarriorsHelper/node_modules/typescript/lib/lib.webworker.importscripts.d.ts",
        "/home/fabian/WebstormProjects/HyruleWarriorsHelper/node_modules/typescript/lib/lib.scripthost.d.ts",
        "/home/fabian/WebstormProjects/HyruleWarriorsHelper/node_modules/typescript/lib/lib.es2015.core.d.ts",
        "/home/fabian/WebstormProjects/HyruleWarriorsHelper/node_modules/typescript/lib/lib.es2015.collection.d.ts",
        "/home/fabian/WebstormProjects/HyruleWarriorsHelper/node_modules/typescript/lib/lib.es2015.generator.d.ts",
        "/home/fabian/WebstormProjects/HyruleWarriorsHelper/node_modules/typescript/lib/lib.es2015.iterable.d.ts",
        "/home/fabian/WebstormProjects/HyruleWarriorsHelper/node_modules/typescript/lib/lib.es2015.promise.d.ts",
        "/home/fabian/WebstormProjects/HyruleWarriorsHelper/node_modules/typescript/lib/lib.es2015.proxy.d.ts",
        "/home/fabian/WebstormProjects/HyruleWarriorsHelper/node_modules/typescript/lib/lib.es2015.reflect.d.ts",
        "/home/fabian/WebstormProjects/HyruleWarriorsHelper/node_modules/typescript/lib/lib.es2015.symbol.d.ts",
        "/home/fabian/WebstormProjects/HyruleWarriorsHelper/node_modules/typescript/lib/lib.es2015.symbol.wellknown.d.ts",
        "/home/fabian/WebstormProjects/HyruleWarriorsHelper/node_modules/typescript/lib/lib.es2016.array.include.d.ts",
        "/home/fabian/WebstormProjects/HyruleWarriorsHelper/node_modules/typescript/lib/lib.es2016.intl.d.ts",
        "/home/fabian/WebstormProjects/HyruleWarriorsHelper/node_modules/typescript/lib/lib.es2017.arraybuffer.d.ts",
        "/home/fabian/WebstormProjects/HyruleWarriorsHelper/node_modules/typescript/lib/lib.es2017.date.d.ts",
        "/home/fabian/WebstormProjects/HyruleWarriorsHelper/node_modules/typescript/lib/lib.es2017.object.d.ts",
        "/home/fabian/WebstormProjects/HyruleWarriorsHelper/node_modules/typescript/lib/lib.es2017.sharedmemory.d.ts",
        "/home/fabian/WebstormProjects/HyruleWarriorsHelper/node_modules/typescript/lib/lib.es2017.string.d.ts",
        "/home/fabian/WebstormProjects/HyruleWarriorsHelper/node_modules/typescript/lib/lib.es2017.intl.d.ts",
        "/home/fabian/WebstormProjects/HyruleWarriorsHelper/node_modules/typescript/lib/lib.es2017.typedarrays.d.ts",
        "/home/fabian/WebstormProjects/HyruleWarriorsHelper/node_modules/typescript/lib/lib.es2018.asyncgenerator.d.ts",
        "/home/fabian/WebstormProjects/HyruleWarriorsHelper/node_modules/typescript/lib/lib.es2018.asynciterable.d.ts",
        "/home/fabian/WebstormProjects/HyruleWarriorsHelper/node_modules/typescript/lib/lib.es2018.intl.d.ts",
        "/home/fabian/WebstormProjects/HyruleWarriorsHelper/node_modules/typescript/lib/lib.es2018.promise.d.ts",
        "/home/fabian/WebstormProjects/HyruleWarriorsHelper/node_modules/typescript/lib/lib.es2018.regexp.d.ts",
        "/home/fabian/WebstormProjects/HyruleWarriorsHelper/node_modules/typescript/lib/lib.es2019.array.d.ts",
        "/home/fabian/WebstormProjects/HyruleWarriorsHelper/node_modules/typescript/lib/lib.es2019.object.d.ts",
        "/home/fabian/WebstormProjects/HyruleWarriorsHelper/node_modules/typescript/lib/lib.es2019.string.d.ts",
        "/home/fabian/WebstormProjects/HyruleWarriorsHelper/node_modules/typescript/lib/lib.es2019.symbol.d.ts",
        "/home/fabian/WebstormProjects/HyruleWarriorsHelper/node_modules/typescript/lib/lib.es2019.intl.d.ts",
        "/home/fabian/WebstormProjects/HyruleWarriorsHelper/node_modules/typescript/lib/lib.es2020.bigint.d.ts",
        "/home/fabian/WebstormProjects/HyruleWarriorsHelper/node_modules/typescript/lib/lib.es2020.date.d.ts",
        "/home/fabian/WebstormProjects/HyruleWarriorsHelper/node_modules/typescript/lib/lib.es2020.promise.d.ts",
        "/home/fabian/WebstormProjects/HyruleWarriorsHelper/node_modules/typescript/lib/lib.es2020.sharedmemory.d.ts",
        "/home/fabian/WebstormProjects/HyruleWarriorsHelper/node_modules/typescript/lib/lib.es2020.string.d.ts",
        "/home/fabian/WebstormProjects/HyruleWarriorsHelper/node_modules/typescript/lib/lib.es2020.symbol.wellknown.d.ts",
        "/home/fabian/WebstormProjects/HyruleWarriorsHelper/node_modules/typescript/lib/lib.es2020.intl.d.ts",
        "/home/fabian/WebstormProjects/HyruleWarriorsHelper/node_modules/typescript/lib/lib.es2020.number.d.ts",
        "/home/fabian/WebstormProjects/HyruleWarriorsHelper/node_modules/typescript/lib/lib.es2021.promise.d.ts",
        "/home/fabian/WebstormProjects/HyruleWarriorsHelper/node_modules/typescript/lib/lib.es2021.string.d.ts",
        "/home/fabian/WebstormProjects/HyruleWarriorsHelper/node_modules/typescript/lib/lib.es2021.weakref.d.ts",
        "/home/fabian/WebstormProjects/HyruleWarriorsHelper/node_modules/typescript/lib/lib.es2021.intl.d.ts",
        "/home/fabian/WebstormProjects/HyruleWarriorsHelper/node_modules/typescript/lib/lib.es2022.array.d.ts",
        "/home/fabian/WebstormProjects/HyruleWarriorsHelper/node_modules/typescript/lib/lib.es2022.error.d.ts",
        "/home/fabian/WebstormProjects/HyruleWarriorsHelper/node_modules/typescript/lib/lib.es2022.intl.d.ts",
        "/home/fabian/WebstormProjects/HyruleWarriorsHelper/node_modules/typescript/lib/lib.es2022.object.d.ts",
        "/home/fabian/WebstormProjects/HyruleWarriorsHelper/node_modules/typescript/lib/lib.es2022.string.d.ts",
        "/home/fabian/WebstormProjects/HyruleWarriorsHelper/node_modules/typescript/lib/lib.es2022.regexp.d.ts",
        "/home/fabian/WebstormProjects/HyruleWarriorsHelper/node_modules/typescript/lib/lib.decorators.d.ts",
        "/home/fabian/WebstormProjects/HyruleWarriorsHelper/node_modules/typescript/lib/lib.decorators.legacy.d.ts",
        "/home/fabian/WebstormProjects/HyruleWarriorsHelper/node_modules/typescript/lib/lib.es2022.full.d.ts",
        "/home/fabian/WebstormProjects/HyruleWarriorsHelper/src/app/features/maps/components/map-viewer/map-viewer.component.html"
      ],
      "compilerOptions": {
        "noPropertyAccessFromIndexSignature": true,
        "experimentalDecorators": true,
        "noFallthroughCasesInSwitch": true,
        "skipLibCheck": true,
        "module": 200,
        "noImplicitOverride": true,
        "isolatedModules": true,
        "importHelpers": true,
        "noImplicitReturns": true,
        "target": 9,
        "allowNonTsExtensions": true,
        "noEmitForJsFiles": true
      },
      "typeAcquisition": {
        "enable": true,
        "include": [],
        "exclude": []
      },
      "unresolvedImports": [],
      "projectRootPath": "/home/fabian/WebstormProjects/HyruleWarriorsHelper/src/app/features/maps/components/map-viewer",
      "kind": "discover"
    }
[22:18:21.973] Explicitly included types: []
[22:18:21.973] Inferred typings from unresolved imports: []
[22:18:21.973] Finished typings discovery:
    {
      "cachedTypingPaths": [],
      "newTypingNames": [],
      "filesToWatch": [
        "/home/fabian/WebstormProjects/HyruleWarriorsHelper/src/app/features/maps/components/map-viewer/bower_components",
        "/home/fabian/WebstormProjects/HyruleWarriorsHelper/src/app/features/maps/components/map-viewer/node_modules"
      ]
    }
[22:18:21.973] Sending response:
    {
      "kind": "action::watchTypingLocations",
      "projectName": "/dev/null/inferredProject2*",
      "files": [
        "/home/fabian/WebstormProjects/HyruleWarriorsHelper/src/app/features/maps/components/map-viewer/bower_components",
        "/home/fabian/WebstormProjects/HyruleWarriorsHelper/src/app/features/maps/components/map-viewer/node_modules"
      ]
    }
[22:18:21.973] Response has been sent.
[22:18:21.974] Sending response:
    {
      "projectName": "/dev/null/inferredProject2*",
      "typeAcquisition": {
        "enable": true,
        "include": [],
        "exclude": []
      },
      "compilerOptions": {
        "noPropertyAccessFromIndexSignature": true,
        "experimentalDecorators": true,
        "noFallthroughCasesInSwitch": true,
        "skipLibCheck": true,
        "module": 200,
        "noImplicitOverride": true,
        "isolatedModules": true,
        "importHelpers": true,
        "noImplicitReturns": true,
        "target": 9,
        "allowNonTsExtensions": true,
        "noEmitForJsFiles": true
      },
      "typings": [],
      "unresolvedImports": [],
      "kind": "action::set"
    }
[22:18:21.974] Response has been sent.
[22:18:21.974] No new typings were requested as a result of typings discovery
[22:25:11.213] Closing file watchers for project '/dev/null/inferredProject2*'
[22:25:11.213] Sending response:
    {
      "kind": "action::watchTypingLocations",
      "projectName": "/dev/null/inferredProject2*",
      "files": []
    }
[22:25:11.213] Response has been sent.
[22:25:11.213] Closing file watchers for project '/dev/null/inferredProject2*' - done.
[22:25:11.306] Got install request
    {
      "projectName": "/dev/null/inferredProject3*",
      "fileNames": [
        "/home/fabian/WebstormProjects/HyruleWarriorsHelper/node_modules/typescript/lib/lib.es5.d.ts",
        "/home/fabian/WebstormProjects/HyruleWarriorsHelper/node_modules/typescript/lib/lib.es2015.d.ts",
        "/home/fabian/WebstormProjects/HyruleWarriorsHelper/node_modules/typescript/lib/lib.es2016.d.ts",
        "/home/fabian/WebstormProjects/HyruleWarriorsHelper/node_modules/typescript/lib/lib.es2017.d.ts",
        "/home/fabian/WebstormProjects/HyruleWarriorsHelper/node_modules/typescript/lib/lib.es2018.d.ts",
        "/home/fabian/WebstormProjects/HyruleWarriorsHelper/node_modules/typescript/lib/lib.es2019.d.ts",
        "/home/fabian/WebstormProjects/HyruleWarriorsHelper/node_modules/typescript/lib/lib.es2020.d.ts",
        "/home/fabian/WebstormProjects/HyruleWarriorsHelper/node_modules/typescript/lib/lib.es2021.d.ts",
        "/home/fabian/WebstormProjects/HyruleWarriorsHelper/node_modules/typescript/lib/lib.es2022.d.ts",
        "/home/fabian/WebstormProjects/HyruleWarriorsHelper/node_modules/typescript/lib/lib.dom.d.ts",
        "/home/fabian/WebstormProjects/HyruleWarriorsHelper/node_modules/typescript/lib/lib.dom.iterable.d.ts",
        "/home/fabian/WebstormProjects/HyruleWarriorsHelper/node_modules/typescript/lib/lib.dom.asynciterable.d.ts",
        "/home/fabian/WebstormProjects/HyruleWarriorsHelper/node_modules/typescript/lib/lib.webworker.importscripts.d.ts",
        "/home/fabian/WebstormProjects/HyruleWarriorsHelper/node_modules/typescript/lib/lib.scripthost.d.ts",
        "/home/fabian/WebstormProjects/HyruleWarriorsHelper/node_modules/typescript/lib/lib.es2015.core.d.ts",
        "/home/fabian/WebstormProjects/HyruleWarriorsHelper/node_modules/typescript/lib/lib.es2015.collection.d.ts",
        "/home/fabian/WebstormProjects/HyruleWarriorsHelper/node_modules/typescript/lib/lib.es2015.generator.d.ts",
        "/home/fabian/WebstormProjects/HyruleWarriorsHelper/node_modules/typescript/lib/lib.es2015.iterable.d.ts",
        "/home/fabian/WebstormProjects/HyruleWarriorsHelper/node_modules/typescript/lib/lib.es2015.promise.d.ts",
        "/home/fabian/WebstormProjects/HyruleWarriorsHelper/node_modules/typescript/lib/lib.es2015.proxy.d.ts",
        "/home/fabian/WebstormProjects/HyruleWarriorsHelper/node_modules/typescript/lib/lib.es2015.reflect.d.ts",
        "/home/fabian/WebstormProjects/HyruleWarriorsHelper/node_modules/typescript/lib/lib.es2015.symbol.d.ts",
        "/home/fabian/WebstormProjects/HyruleWarriorsHelper/node_modules/typescript/lib/lib.es2015.symbol.wellknown.d.ts",
        "/home/fabian/WebstormProjects/HyruleWarriorsHelper/node_modules/typescript/lib/lib.es2016.array.include.d.ts",
        "/home/fabian/WebstormProjects/HyruleWarriorsHelper/node_modules/typescript/lib/lib.es2016.intl.d.ts",
        "/home/fabian/WebstormProjects/HyruleWarriorsHelper/node_modules/typescript/lib/lib.es2017.arraybuffer.d.ts",
        "/home/fabian/WebstormProjects/HyruleWarriorsHelper/node_modules/typescript/lib/lib.es2017.date.d.ts",
        "/home/fabian/WebstormProjects/HyruleWarriorsHelper/node_modules/typescript/lib/lib.es2017.object.d.ts",
        "/home/fabian/WebstormProjects/HyruleWarriorsHelper/node_modules/typescript/lib/lib.es2017.sharedmemory.d.ts",
        "/home/fabian/WebstormProjects/HyruleWarriorsHelper/node_modules/typescript/lib/lib.es2017.string.d.ts",
        "/home/fabian/WebstormProjects/HyruleWarriorsHelper/node_modules/typescript/lib/lib.es2017.intl.d.ts",
        "/home/fabian/WebstormProjects/HyruleWarriorsHelper/node_modules/typescript/lib/lib.es2017.typedarrays.d.ts",
        "/home/fabian/WebstormProjects/HyruleWarriorsHelper/node_modules/typescript/lib/lib.es2018.asyncgenerator.d.ts",
        "/home/fabian/WebstormProjects/HyruleWarriorsHelper/node_modules/typescript/lib/lib.es2018.asynciterable.d.ts",
        "/home/fabian/WebstormProjects/HyruleWarriorsHelper/node_modules/typescript/lib/lib.es2018.intl.d.ts",
        "/home/fabian/WebstormProjects/HyruleWarriorsHelper/node_modules/typescript/lib/lib.es2018.promise.d.ts",
        "/home/fabian/WebstormProjects/HyruleWarriorsHelper/node_modules/typescript/lib/lib.es2018.regexp.d.ts",
        "/home/fabian/WebstormProjects/HyruleWarriorsHelper/node_modules/typescript/lib/lib.es2019.array.d.ts",
        "/home/fabian/WebstormProjects/HyruleWarriorsHelper/node_modules/typescript/lib/lib.es2019.object.d.ts",
        "/home/fabian/WebstormProjects/HyruleWarriorsHelper/node_modules/typescript/lib/lib.es2019.string.d.ts",
        "/home/fabian/WebstormProjects/HyruleWarriorsHelper/node_modules/typescript/lib/lib.es2019.symbol.d.ts",
        "/home/fabian/WebstormProjects/HyruleWarriorsHelper/node_modules/typescript/lib/lib.es2019.intl.d.ts",
        "/home/fabian/WebstormProjects/HyruleWarriorsHelper/node_modules/typescript/lib/lib.es2020.bigint.d.ts",
        "/home/fabian/WebstormProjects/HyruleWarriorsHelper/node_modules/typescript/lib/lib.es2020.date.d.ts",
        "/home/fabian/WebstormProjects/HyruleWarriorsHelper/node_modules/typescript/lib/lib.es2020.promise.d.ts",
        "/home/fabian/WebstormProjects/HyruleWarriorsHelper/node_modules/typescript/lib/lib.es2020.sharedmemory.d.ts",
        "/home/fabian/WebstormProjects/HyruleWarriorsHelper/node_modules/typescript/lib/lib.es2020.string.d.ts",
        "/home/fabian/WebstormProjects/HyruleWarriorsHelper/node_modules/typescript/lib/lib.es2020.symbol.wellknown.d.ts",
        "/home/fabian/WebstormProjects/HyruleWarriorsHelper/node_modules/typescript/lib/lib.es2020.intl.d.ts",
        "/home/fabian/WebstormProjects/HyruleWarriorsHelper/node_modules/typescript/lib/lib.es2020.number.d.ts",
        "/home/fabian/WebstormProjects/HyruleWarriorsHelper/node_modules/typescript/lib/lib.es2021.promise.d.ts",
        "/home/fabian/WebstormProjects/HyruleWarriorsHelper/node_modules/typescript/lib/lib.es2021.string.d.ts",
        "/home/fabian/WebstormProjects/HyruleWarriorsHelper/node_modules/typescript/lib/lib.es2021.weakref.d.ts",
        "/home/fabian/WebstormProjects/HyruleWarriorsHelper/node_modules/typescript/lib/lib.es2021.intl.d.ts",
        "/home/fabian/WebstormProjects/HyruleWarriorsHelper/node_modules/typescript/lib/lib.es2022.array.d.ts",
        "/home/fabian/WebstormProjects/HyruleWarriorsHelper/node_modules/typescript/lib/lib.es2022.error.d.ts",
        "/home/fabian/WebstormProjects/HyruleWarriorsHelper/node_modules/typescript/lib/lib.es2022.intl.d.ts",
        "/home/fabian/WebstormProjects/HyruleWarriorsHelper/node_modules/typescript/lib/lib.es2022.object.d.ts",
        "/home/fabian/WebstormProjects/HyruleWarriorsHelper/node_modules/typescript/lib/lib.es2022.string.d.ts",
        "/home/fabian/WebstormProjects/HyruleWarriorsHelper/node_modules/typescript/lib/lib.es2022.regexp.d.ts",
        "/home/fabian/WebstormProjects/HyruleWarriorsHelper/node_modules/typescript/lib/lib.decorators.d.ts",
        "/home/fabian/WebstormProjects/HyruleWarriorsHelper/node_modules/typescript/lib/lib.decorators.legacy.d.ts",
        "/home/fabian/WebstormProjects/HyruleWarriorsHelper/node_modules/typescript/lib/lib.es2022.full.d.ts",
        "/home/fabian/WebstormProjects/HyruleWarriorsHelper/node_modules/@types/node/events.d.ts"
      ],
      "compilerOptions": {
        "noPropertyAccessFromIndexSignature": true,
        "experimentalDecorators": true,
        "noFallthroughCasesInSwitch": true,
        "skipLibCheck": true,
        "module": 200,
        "noImplicitOverride": true,
        "isolatedModules": true,
        "importHelpers": true,
        "noImplicitReturns": true,
        "target": 9,
        "allowNonTsExtensions": true,
        "noEmitForJsFiles": true
      },
      "typeAcquisition": {
        "enable": true,
        "include": [],
        "exclude": []
      },
      "unresolvedImports": [],
      "projectRootPath": "/home/fabian/WebstormProjects/HyruleWarriorsHelper/node_modules/@types/node",
      "kind": "discover"
    }
[22:25:11.306] Explicitly included types: []
[22:25:11.308] Typing names in '/home/fabian/WebstormProjects/HyruleWarriorsHelper/node_modules/@types/node/package.json' dependencies: ["undici-types"]
[22:25:11.308] Inferred typings from unresolved imports: []
[22:25:11.308] Finished typings discovery:
    {
      "cachedTypingPaths": [],
      "newTypingNames": [
        "undici-types"
      ],
      "filesToWatch": [
        "/home/fabian/WebstormProjects/HyruleWarriorsHelper/node_modules/@types/node/bower_components",
        "/home/fabian/WebstormProjects/HyruleWarriorsHelper/node_modules/@types/node/package.json",
        "/home/fabian/WebstormProjects/HyruleWarriorsHelper/node_modules/@types/node/node_modules"
      ]
    }
[22:25:11.308] Sending response:
    {
      "kind": "action::watchTypingLocations",
      "projectName": "/dev/null/inferredProject3*",
      "files": [
        "/home/fabian/WebstormProjects/HyruleWarriorsHelper/node_modules/@types/node/bower_components",
        "/home/fabian/WebstormProjects/HyruleWarriorsHelper/node_modules/@types/node/package.json",
        "/home/fabian/WebstormProjects/HyruleWarriorsHelper/node_modules/@types/node/node_modules"
      ]
    }
[22:25:11.308] Response has been sent.
[22:25:11.308] Installing typings ["undici-types"]
[22:25:11.308] 'undici-types':: Entry for package 'undici-types' does not exist in local types registry - skipping...
[22:25:11.308] All typings are known to be missing or invalid - no need to install more typings
[22:25:11.308] Sending response:
    {
      "projectName": "/dev/null/inferredProject3*",
      "typeAcquisition": {
        "enable": true,
        "include": [],
        "exclude": []
      },
      "compilerOptions": {
        "noPropertyAccessFromIndexSignature": true,
        "experimentalDecorators": true,
        "noFallthroughCasesInSwitch": true,
        "skipLibCheck": true,
        "module": 200,
        "noImplicitOverride": true,
        "isolatedModules": true,
        "importHelpers": true,
        "noImplicitReturns": true,
        "target": 9,
        "allowNonTsExtensions": true,
        "noEmitForJsFiles": true
      },
      "typings": [],
      "unresolvedImports": [],
      "kind": "action::set"
    }
[22:25:11.308] Response has been sent.
[22:25:11.589] Closing file watchers for project '/dev/null/inferredProject3*'
[22:25:11.589] Sending response:
    {
      "kind": "action::watchTypingLocations",
      "projectName": "/dev/null/inferredProject3*",
      "files": []
    }
[22:25:11.589] Response has been sent.
[22:25:11.589] Closing file watchers for project '/dev/null/inferredProject3*' - done.
[22:25:11.681] Got install request
    {
      "projectName": "/dev/null/inferredProject4*",
      "fileNames": [
        "/home/fabian/WebstormProjects/HyruleWarriorsHelper/node_modules/typescript/lib/lib.es5.d.ts",
        "/home/fabian/WebstormProjects/HyruleWarriorsHelper/node_modules/typescript/lib/lib.es2015.d.ts",
        "/home/fabian/WebstormProjects/HyruleWarriorsHelper/node_modules/typescript/lib/lib.es2016.d.ts",
        "/home/fabian/WebstormProjects/HyruleWarriorsHelper/node_modules/typescript/lib/lib.es2017.d.ts",
        "/home/fabian/WebstormProjects/HyruleWarriorsHelper/node_modules/typescript/lib/lib.es2018.d.ts",
        "/home/fabian/WebstormProjects/HyruleWarriorsHelper/node_modules/typescript/lib/lib.es2019.d.ts",
        "/home/fabian/WebstormProjects/HyruleWarriorsHelper/node_modules/typescript/lib/lib.es2020.d.ts",
        "/home/fabian/WebstormProjects/HyruleWarriorsHelper/node_modules/typescript/lib/lib.es2021.d.ts",
        "/home/fabian/WebstormProjects/HyruleWarriorsHelper/node_modules/typescript/lib/lib.es2022.d.ts",
        "/home/fabian/WebstormProjects/HyruleWarriorsHelper/node_modules/typescript/lib/lib.dom.d.ts",
        "/home/fabian/WebstormProjects/HyruleWarriorsHelper/node_modules/typescript/lib/lib.dom.iterable.d.ts",
        "/home/fabian/WebstormProjects/HyruleWarriorsHelper/node_modules/typescript/lib/lib.dom.asynciterable.d.ts",
        "/home/fabian/WebstormProjects/HyruleWarriorsHelper/node_modules/typescript/lib/lib.webworker.importscripts.d.ts",
        "/home/fabian/WebstormProjects/HyruleWarriorsHelper/node_modules/typescript/lib/lib.scripthost.d.ts",
        "/home/fabian/WebstormProjects/HyruleWarriorsHelper/node_modules/typescript/lib/lib.es2015.core.d.ts",
        "/home/fabian/WebstormProjects/HyruleWarriorsHelper/node_modules/typescript/lib/lib.es2015.collection.d.ts",
        "/home/fabian/WebstormProjects/HyruleWarriorsHelper/node_modules/typescript/lib/lib.es2015.generator.d.ts",
        "/home/fabian/WebstormProjects/HyruleWarriorsHelper/node_modules/typescript/lib/lib.es2015.iterable.d.ts",
        "/home/fabian/WebstormProjects/HyruleWarriorsHelper/node_modules/typescript/lib/lib.es2015.promise.d.ts",
        "/home/fabian/WebstormProjects/HyruleWarriorsHelper/node_modules/typescript/lib/lib.es2015.proxy.d.ts",
        "/home/fabian/WebstormProjects/HyruleWarriorsHelper/node_modules/typescript/lib/lib.es2015.reflect.d.ts",
        "/home/fabian/WebstormProjects/HyruleWarriorsHelper/node_modules/typescript/lib/lib.es2015.symbol.d.ts",
        "/home/fabian/WebstormProjects/HyruleWarriorsHelper/node_modules/typescript/lib/lib.es2015.symbol.wellknown.d.ts",
        "/home/fabian/WebstormProjects/HyruleWarriorsHelper/node_modules/typescript/lib/lib.es2016.array.include.d.ts",
        "/home/fabian/WebstormProjects/HyruleWarriorsHelper/node_modules/typescript/lib/lib.es2016.intl.d.ts",
        "/home/fabian/WebstormProjects/HyruleWarriorsHelper/node_modules/typescript/lib/lib.es2017.arraybuffer.d.ts",
        "/home/fabian/WebstormProjects/HyruleWarriorsHelper/node_modules/typescript/lib/lib.es2017.date.d.ts",
        "/home/fabian/WebstormProjects/HyruleWarriorsHelper/node_modules/typescript/lib/lib.es2017.object.d.ts",
        "/home/fabian/WebstormProjects/HyruleWarriorsHelper/node_modules/typescript/lib/lib.es2017.sharedmemory.d.ts",
        "/home/fabian/WebstormProjects/HyruleWarriorsHelper/node_modules/typescript/lib/lib.es2017.string.d.ts",
        "/home/fabian/WebstormProjects/HyruleWarriorsHelper/node_modules/typescript/lib/lib.es2017.intl.d.ts",
        "/home/fabian/WebstormProjects/HyruleWarriorsHelper/node_modules/typescript/lib/lib.es2017.typedarrays.d.ts",
        "/home/fabian/WebstormProjects/HyruleWarriorsHelper/node_modules/typescript/lib/lib.es2018.asyncgenerator.d.ts",
        "/home/fabian/WebstormProjects/HyruleWarriorsHelper/node_modules/typescript/lib/lib.es2018.asynciterable.d.ts",
        "/home/fabian/WebstormProjects/HyruleWarriorsHelper/node_modules/typescript/lib/lib.es2018.intl.d.ts",
        "/home/fabian/WebstormProjects/HyruleWarriorsHelper/node_modules/typescript/lib/lib.es2018.promise.d.ts",
        "/home/fabian/WebstormProjects/HyruleWarriorsHelper/node_modules/typescript/lib/lib.es2018.regexp.d.ts",
        "/home/fabian/WebstormProjects/HyruleWarriorsHelper/node_modules/typescript/lib/lib.es2019.array.d.ts",
        "/home/fabian/WebstormProjects/HyruleWarriorsHelper/node_modules/typescript/lib/lib.es2019.object.d.ts",
        "/home/fabian/WebstormProjects/HyruleWarriorsHelper/node_modules/typescript/lib/lib.es2019.string.d.ts",
        "/home/fabian/WebstormProjects/HyruleWarriorsHelper/node_modules/typescript/lib/lib.es2019.symbol.d.ts",
        "/home/fabian/WebstormProjects/HyruleWarriorsHelper/node_modules/typescript/lib/lib.es2019.intl.d.ts",
        "/home/fabian/WebstormProjects/HyruleWarriorsHelper/node_modules/typescript/lib/lib.es2020.bigint.d.ts",
        "/home/fabian/WebstormProjects/HyruleWarriorsHelper/node_modules/typescript/lib/lib.es2020.date.d.ts",
        "/home/fabian/WebstormProjects/HyruleWarriorsHelper/node_modules/typescript/lib/lib.es2020.promise.d.ts",
        "/home/fabian/WebstormProjects/HyruleWarriorsHelper/node_modules/typescript/lib/lib.es2020.sharedmemory.d.ts",
        "/home/fabian/WebstormProjects/HyruleWarriorsHelper/node_modules/typescript/lib/lib.es2020.string.d.ts",
        "/home/fabian/WebstormProjects/HyruleWarriorsHelper/node_modules/typescript/lib/lib.es2020.symbol.wellknown.d.ts",
        "/home/fabian/WebstormProjects/HyruleWarriorsHelper/node_modules/typescript/lib/lib.es2020.intl.d.ts",
        "/home/fabian/WebstormProjects/HyruleWarriorsHelper/node_modules/typescript/lib/lib.es2020.number.d.ts",
        "/home/fabian/WebstormProjects/HyruleWarriorsHelper/node_modules/typescript/lib/lib.es2021.promise.d.ts",
        "/home/fabian/WebstormProjects/HyruleWarriorsHelper/node_modules/typescript/lib/lib.es2021.string.d.ts",
        "/home/fabian/WebstormProjects/HyruleWarriorsHelper/node_modules/typescript/lib/lib.es2021.weakref.d.ts",
        "/home/fabian/WebstormProjects/HyruleWarriorsHelper/node_modules/typescript/lib/lib.es2021.intl.d.ts",
        "/home/fabian/WebstormProjects/HyruleWarriorsHelper/node_modules/typescript/lib/lib.es2022.array.d.ts",
        "/home/fabian/WebstormProjects/HyruleWarriorsHelper/node_modules/typescript/lib/lib.es2022.error.d.ts",
        "/home/fabian/WebstormProjects/HyruleWarriorsHelper/node_modules/typescript/lib/lib.es2022.intl.d.ts",
        "/home/fabian/WebstormProjects/HyruleWarriorsHelper/node_modules/typescript/lib/lib.es2022.object.d.ts",
        "/home/fabian/WebstormProjects/HyruleWarriorsHelper/node_modules/typescript/lib/lib.es2022.string.d.ts",
        "/home/fabian/WebstormProjects/HyruleWarriorsHelper/node_modules/typescript/lib/lib.es2022.regexp.d.ts",
        "/home/fabian/WebstormProjects/HyruleWarriorsHelper/node_modules/typescript/lib/lib.decorators.d.ts",
        "/home/fabian/WebstormProjects/HyruleWarriorsHelper/node_modules/typescript/lib/lib.decorators.legacy.d.ts",
        "/home/fabian/WebstormProjects/HyruleWarriorsHelper/node_modules/typescript/lib/lib.es2022.full.d.ts",
        "/home/fabian/WebstormProjects/HyruleWarriorsHelper/node_modules/undici-types/fetch.d.ts"
      ],
      "compilerOptions": {
        "noPropertyAccessFromIndexSignature": true,
        "experimentalDecorators": true,
        "noFallthroughCasesInSwitch": true,
        "skipLibCheck": true,
        "module": 200,
        "noImplicitOverride": true,
        "isolatedModules": true,
        "importHelpers": true,
        "noImplicitReturns": true,
        "target": 9,
        "allowNonTsExtensions": true,
        "noEmitForJsFiles": true
      },
      "typeAcquisition": {
        "enable": true,
        "include": [],
        "exclude": []
      },
      "unresolvedImports": [],
      "projectRootPath": "/home/fabian/WebstormProjects/HyruleWarriorsHelper/node_modules/undici-types",
      "kind": "discover"
    }
[22:25:11.682] Explicitly included types: []
[22:25:11.682] Typing names in '/home/fabian/WebstormProjects/HyruleWarriorsHelper/node_modules/undici-types/package.json' dependencies: []
[22:25:11.682] Inferred typings from unresolved imports: []
[22:25:11.682] Finished typings discovery:
    {
      "cachedTypingPaths": [],
      "newTypingNames": [],
      "filesToWatch": [
        "/home/fabian/WebstormProjects/HyruleWarriorsHelper/node_modules/undici-types/bower_components",
        "/home/fabian/WebstormProjects/HyruleWarriorsHelper/node_modules/undici-types/package.json",
        "/home/fabian/WebstormProjects/HyruleWarriorsHelper/node_modules/undici-types/node_modules"
      ]
    }
[22:25:11.682] Sending response:
    {
      "kind": "action::watchTypingLocations",
      "projectName": "/dev/null/inferredProject4*",
      "files": [
        "/home/fabian/WebstormProjects/HyruleWarriorsHelper/node_modules/undici-types/bower_components",
        "/home/fabian/WebstormProjects/HyruleWarriorsHelper/node_modules/undici-types/package.json",
        "/home/fabian/WebstormProjects/HyruleWarriorsHelper/node_modules/undici-types/node_modules"
      ]
    }
[22:25:11.682] Response has been sent.
[22:25:11.683] Sending response:
    {
      "projectName": "/dev/null/inferredProject4*",
      "typeAcquisition": {
        "enable": true,
        "include": [],
        "exclude": []
      },
      "compilerOptions": {
        "noPropertyAccessFromIndexSignature": true,
        "experimentalDecorators": true,
        "noFallthroughCasesInSwitch": true,
        "skipLibCheck": true,
        "module": 200,
        "noImplicitOverride": true,
        "isolatedModules": true,
        "importHelpers": true,
        "noImplicitReturns": true,
        "target": 9,
        "allowNonTsExtensions": true,
        "noEmitForJsFiles": true
      },
      "typings": [],
      "unresolvedImports": [],
      "kind": "action::set"
    }
[22:25:11.683] Response has been sent.
[22:25:11.683] No new typings were requested as a result of typings discovery
[22:25:11.721] Got install request
    {
      "projectName": "/dev/null/inferredProject5*",
      "fileNames": [
        "/home/fabian/WebstormProjects/HyruleWarriorsHelper/node_modules/typescript/lib/lib.es5.d.ts",
        "/home/fabian/WebstormProjects/HyruleWarriorsHelper/node_modules/typescript/lib/lib.es2015.d.ts",
        "/home/fabian/WebstormProjects/HyruleWarriorsHelper/node_modules/typescript/lib/lib.es2016.d.ts",
        "/home/fabian/WebstormProjects/HyruleWarriorsHelper/node_modules/typescript/lib/lib.es2017.d.ts",
        "/home/fabian/WebstormProjects/HyruleWarriorsHelper/node_modules/typescript/lib/lib.es2018.d.ts",
        "/home/fabian/WebstormProjects/HyruleWarriorsHelper/node_modules/typescript/lib/lib.es2019.d.ts",
        "/home/fabian/WebstormProjects/HyruleWarriorsHelper/node_modules/typescript/lib/lib.es2020.d.ts",
        "/home/fabian/WebstormProjects/HyruleWarriorsHelper/node_modules/typescript/lib/lib.es2021.d.ts",
        "/home/fabian/WebstormProjects/HyruleWarriorsHelper/node_modules/typescript/lib/lib.es2022.d.ts",
        "/home/fabian/WebstormProjects/HyruleWarriorsHelper/node_modules/typescript/lib/lib.dom.d.ts",
        "/home/fabian/WebstormProjects/HyruleWarriorsHelper/node_modules/typescript/lib/lib.dom.iterable.d.ts",
        "/home/fabian/WebstormProjects/HyruleWarriorsHelper/node_modules/typescript/lib/lib.dom.asynciterable.d.ts",
        "/home/fabian/WebstormProjects/HyruleWarriorsHelper/node_modules/typescript/lib/lib.webworker.importscripts.d.ts",
        "/home/fabian/WebstormProjects/HyruleWarriorsHelper/node_modules/typescript/lib/lib.scripthost.d.ts",
        "/home/fabian/WebstormProjects/HyruleWarriorsHelper/node_modules/typescript/lib/lib.es2015.core.d.ts",
        "/home/fabian/WebstormProjects/HyruleWarriorsHelper/node_modules/typescript/lib/lib.es2015.collection.d.ts",
        "/home/fabian/WebstormProjects/HyruleWarriorsHelper/node_modules/typescript/lib/lib.es2015.generator.d.ts",
        "/home/fabian/WebstormProjects/HyruleWarriorsHelper/node_modules/typescript/lib/lib.es2015.iterable.d.ts",
        "/home/fabian/WebstormProjects/HyruleWarriorsHelper/node_modules/typescript/lib/lib.es2015.promise.d.ts",
        "/home/fabian/WebstormProjects/HyruleWarriorsHelper/node_modules/typescript/lib/lib.es2015.proxy.d.ts",
        "/home/fabian/WebstormProjects/HyruleWarriorsHelper/node_modules/typescript/lib/lib.es2015.reflect.d.ts",
        "/home/fabian/WebstormProjects/HyruleWarriorsHelper/node_modules/typescript/lib/lib.es2015.symbol.d.ts",
        "/home/fabian/WebstormProjects/HyruleWarriorsHelper/node_modules/typescript/lib/lib.es2015.symbol.wellknown.d.ts",
        "/home/fabian/WebstormProjects/HyruleWarriorsHelper/node_modules/typescript/lib/lib.es2016.array.include.d.ts",
        "/home/fabian/WebstormProjects/HyruleWarriorsHelper/node_modules/typescript/lib/lib.es2016.intl.d.ts",
        "/home/fabian/WebstormProjects/HyruleWarriorsHelper/node_modules/typescript/lib/lib.es2017.arraybuffer.d.ts",
        "/home/fabian/WebstormProjects/HyruleWarriorsHelper/node_modules/typescript/lib/lib.es2017.date.d.ts",
        "/home/fabian/WebstormProjects/HyruleWarriorsHelper/node_modules/typescript/lib/lib.es2017.object.d.ts",
        "/home/fabian/WebstormProjects/HyruleWarriorsHelper/node_modules/typescript/lib/lib.es2017.sharedmemory.d.ts",
        "/home/fabian/WebstormProjects/HyruleWarriorsHelper/node_modules/typescript/lib/lib.es2017.string.d.ts",
        "/home/fabian/WebstormProjects/HyruleWarriorsHelper/node_modules/typescript/lib/lib.es2017.intl.d.ts",
        "/home/fabian/WebstormProjects/HyruleWarriorsHelper/node_modules/typescript/lib/lib.es2017.typedarrays.d.ts",
        "/home/fabian/WebstormProjects/HyruleWarriorsHelper/node_modules/typescript/lib/lib.es2018.asyncgenerator.d.ts",
        "/home/fabian/WebstormProjects/HyruleWarriorsHelper/node_modules/typescript/lib/lib.es2018.asynciterable.d.ts",
        "/home/fabian/WebstormProjects/HyruleWarriorsHelper/node_modules/typescript/lib/lib.es2018.intl.d.ts",
        "/home/fabian/WebstormProjects/HyruleWarriorsHelper/node_modules/typescript/lib/lib.es2018.promise.d.ts",
        "/home/fabian/WebstormProjects/HyruleWarriorsHelper/node_modules/typescript/lib/lib.es2018.regexp.d.ts",
        "/home/fabian/WebstormProjects/HyruleWarriorsHelper/node_modules/typescript/lib/lib.es2019.array.d.ts",
        "/home/fabian/WebstormProjects/HyruleWarriorsHelper/node_modules/typescript/lib/lib.es2019.object.d.ts",
        "/home/fabian/WebstormProjects/HyruleWarriorsHelper/node_modules/typescript/lib/lib.es2019.string.d.ts",
        "/home/fabian/WebstormProjects/HyruleWarriorsHelper/node_modules/typescript/lib/lib.es2019.symbol.d.ts",
        "/home/fabian/WebstormProjects/HyruleWarriorsHelper/node_modules/typescript/lib/lib.es2019.intl.d.ts",
        "/home/fabian/WebstormProjects/HyruleWarriorsHelper/node_modules/typescript/lib/lib.es2020.bigint.d.ts",
        "/home/fabian/WebstormProjects/HyruleWarriorsHelper/node_modules/typescript/lib/lib.es2020.date.d.ts",
        "/home/fabian/WebstormProjects/HyruleWarriorsHelper/node_modules/typescript/lib/lib.es2020.promise.d.ts",
        "/home/fabian/WebstormProjects/HyruleWarriorsHelper/node_modules/typescript/lib/lib.es2020.sharedmemory.d.ts",
        "/home/fabian/WebstormProjects/HyruleWarriorsHelper/node_modules/typescript/lib/lib.es2020.string.d.ts",
        "/home/fabian/WebstormProjects/HyruleWarriorsHelper/node_modules/typescript/lib/lib.es2020.symbol.wellknown.d.ts",
        "/home/fabian/WebstormProjects/HyruleWarriorsHelper/node_modules/typescript/lib/lib.es2020.intl.d.ts",
        "/home/fabian/WebstormProjects/HyruleWarriorsHelper/node_modules/typescript/lib/lib.es2020.number.d.ts",
        "/home/fabian/WebstormProjects/HyruleWarriorsHelper/node_modules/typescript/lib/lib.es2021.promise.d.ts",
        "/home/fabian/WebstormProjects/HyruleWarriorsHelper/node_modules/typescript/lib/lib.es2021.string.d.ts",
        "/home/fabian/WebstormProjects/HyruleWarriorsHelper/node_modules/typescript/lib/lib.es2021.weakref.d.ts",
        "/home/fabian/WebstormProjects/HyruleWarriorsHelper/node_modules/typescript/lib/lib.es2021.intl.d.ts",
        "/home/fabian/WebstormProjects/HyruleWarriorsHelper/node_modules/typescript/lib/lib.es2022.array.d.ts",
        "/home/fabian/WebstormProjects/HyruleWarriorsHelper/node_modules/typescript/lib/lib.es2022.error.d.ts",
        "/home/fabian/WebstormProjects/HyruleWarriorsHelper/node_modules/typescript/lib/lib.es2022.intl.d.ts",
        "/home/fabian/WebstormProjects/HyruleWarriorsHelper/node_modules/typescript/lib/lib.es2022.object.d.ts",
        "/home/fabian/WebstormProjects/HyruleWarriorsHelper/node_modules/typescript/lib/lib.es2022.string.d.ts",
        "/home/fabian/WebstormProjects/HyruleWarriorsHelper/node_modules/typescript/lib/lib.es2022.regexp.d.ts",
        "/home/fabian/WebstormProjects/HyruleWarriorsHelper/node_modules/typescript/lib/lib.decorators.d.ts",
        "/home/fabian/WebstormProjects/HyruleWarriorsHelper/node_modules/typescript/lib/lib.decorators.legacy.d.ts",
        "/home/fabian/WebstormProjects/HyruleWarriorsHelper/node_modules/typescript/lib/lib.es2022.full.d.ts",
        "/home/fabian/WebstormProjects/HyruleWarriorsHelper/node_modules/@types/node/ts5.6/compatibility/float16array.d.ts"
      ],
      "compilerOptions": {
        "noPropertyAccessFromIndexSignature": true,
        "experimentalDecorators": true,
        "noFallthroughCasesInSwitch": true,
        "skipLibCheck": true,
        "module": 200,
        "noImplicitOverride": true,
        "isolatedModules": true,
        "importHelpers": true,
        "noImplicitReturns": true,
        "target": 9,
        "allowNonTsExtensions": true,
        "noEmitForJsFiles": true
      },
      "typeAcquisition": {
        "enable": true,
        "include": [],
        "exclude": []
      },
      "unresolvedImports": [],
      "projectRootPath": "/home/fabian/WebstormProjects/HyruleWarriorsHelper/node_modules/@types/node/ts5.6/compatibility",
      "kind": "discover"
    }
[22:25:11.721] Explicitly included types: []
[22:25:11.722] Inferred typings from unresolved imports: []
[22:25:11.722] Finished typings discovery:
    {
      "cachedTypingPaths": [],
      "newTypingNames": [],
      "filesToWatch": [
        "/home/fabian/WebstormProjects/HyruleWarriorsHelper/node_modules/@types/node/ts5.6/compatibility/bower_components",
        "/home/fabian/WebstormProjects/HyruleWarriorsHelper/node_modules/@types/node/ts5.6/compatibility/node_modules"
      ]
    }
[22:25:11.722] Sending response:
    {
      "kind": "action::watchTypingLocations",
      "projectName": "/dev/null/inferredProject5*",
      "files": [
        "/home/fabian/WebstormProjects/HyruleWarriorsHelper/node_modules/@types/node/ts5.6/compatibility/bower_components",
        "/home/fabian/WebstormProjects/HyruleWarriorsHelper/node_modules/@types/node/ts5.6/compatibility/node_modules"
      ]
    }
[22:25:11.722] Response has been sent.
[22:25:11.722] Sending response:
    {
      "projectName": "/dev/null/inferredProject5*",
      "typeAcquisition": {
        "enable": true,
        "include": [],
        "exclude": []
      },
      "compilerOptions": {
        "noPropertyAccessFromIndexSignature": true,
        "experimentalDecorators": true,
        "noFallthroughCasesInSwitch": true,
        "skipLibCheck": true,
        "module": 200,
        "noImplicitOverride": true,
        "isolatedModules": true,
        "importHelpers": true,
        "noImplicitReturns": true,
        "target": 9,
        "allowNonTsExtensions": true,
        "noEmitForJsFiles": true
      },
      "typings": [],
      "unresolvedImports": [],
      "kind": "action::set"
    }
[22:25:11.722] Response has been sent.
[22:25:11.722] No new typings were requested as a result of typings discovery
[23:01:12.847] Got install request
    {
      "projectName": "/dev/null/inferredProject6*",
      "fileNames": [
        "/home/fabian/WebstormProjects/HyruleWarriorsHelper/node_modules/typescript/lib/lib.es5.d.ts",
        "/home/fabian/WebstormProjects/HyruleWarriorsHelper/node_modules/typescript/lib/lib.es2015.d.ts",
        "/home/fabian/WebstormProjects/HyruleWarriorsHelper/node_modules/typescript/lib/lib.es2016.d.ts",
        "/home/fabian/WebstormProjects/HyruleWarriorsHelper/node_modules/typescript/lib/lib.es2017.d.ts",
        "/home/fabian/WebstormProjects/HyruleWarriorsHelper/node_modules/typescript/lib/lib.es2018.d.ts",
        "/home/fabian/WebstormProjects/HyruleWarriorsHelper/node_modules/typescript/lib/lib.es2019.d.ts",
        "/home/fabian/WebstormProjects/HyruleWarriorsHelper/node_modules/typescript/lib/lib.es2020.d.ts",
        "/home/fabian/WebstormProjects/HyruleWarriorsHelper/node_modules/typescript/lib/lib.es2021.d.ts",
        "/home/fabian/WebstormProjects/HyruleWarriorsHelper/node_modules/typescript/lib/lib.es2022.d.ts",
        "/home/fabian/WebstormProjects/HyruleWarriorsHelper/node_modules/typescript/lib/lib.dom.d.ts",
        "/home/fabian/WebstormProjects/HyruleWarriorsHelper/node_modules/typescript/lib/lib.dom.iterable.d.ts",
        "/home/fabian/WebstormProjects/HyruleWarriorsHelper/node_modules/typescript/lib/lib.dom.asynciterable.d.ts",
        "/home/fabian/WebstormProjects/HyruleWarriorsHelper/node_modules/typescript/lib/lib.webworker.importscripts.d.ts",
        "/home/fabian/WebstormProjects/HyruleWarriorsHelper/node_modules/typescript/lib/lib.scripthost.d.ts",
        "/home/fabian/WebstormProjects/HyruleWarriorsHelper/node_modules/typescript/lib/lib.es2015.core.d.ts",
        "/home/fabian/WebstormProjects/HyruleWarriorsHelper/node_modules/typescript/lib/lib.es2015.collection.d.ts",
        "/home/fabian/WebstormProjects/HyruleWarriorsHelper/node_modules/typescript/lib/lib.es2015.generator.d.ts",
        "/home/fabian/WebstormProjects/HyruleWarriorsHelper/node_modules/typescript/lib/lib.es2015.iterable.d.ts",
        "/home/fabian/WebstormProjects/HyruleWarriorsHelper/node_modules/typescript/lib/lib.es2015.promise.d.ts",
        "/home/fabian/WebstormProjects/HyruleWarriorsHelper/node_modules/typescript/lib/lib.es2015.proxy.d.ts",
        "/home/fabian/WebstormProjects/HyruleWarriorsHelper/node_modules/typescript/lib/lib.es2015.reflect.d.ts",
        "/home/fabian/WebstormProjects/HyruleWarriorsHelper/node_modules/typescript/lib/lib.es2015.symbol.d.ts",
        "/home/fabian/WebstormProjects/HyruleWarriorsHelper/node_modules/typescript/lib/lib.es2015.symbol.wellknown.d.ts",
        "/home/fabian/WebstormProjects/HyruleWarriorsHelper/node_modules/typescript/lib/lib.es2016.array.include.d.ts",
        "/home/fabian/WebstormProjects/HyruleWarriorsHelper/node_modules/typescript/lib/lib.es2016.intl.d.ts",
        "/home/fabian/WebstormProjects/HyruleWarriorsHelper/node_modules/typescript/lib/lib.es2017.arraybuffer.d.ts",
        "/home/fabian/WebstormProjects/HyruleWarriorsHelper/node_modules/typescript/lib/lib.es2017.date.d.ts",
        "/home/fabian/WebstormProjects/HyruleWarriorsHelper/node_modules/typescript/lib/lib.es2017.object.d.ts",
        "/home/fabian/WebstormProjects/HyruleWarriorsHelper/node_modules/typescript/lib/lib.es2017.sharedmemory.d.ts",
        "/home/fabian/WebstormProjects/HyruleWarriorsHelper/node_modules/typescript/lib/lib.es2017.string.d.ts",
        "/home/fabian/WebstormProjects/HyruleWarriorsHelper/node_modules/typescript/lib/lib.es2017.intl.d.ts",
        "/home/fabian/WebstormProjects/HyruleWarriorsHelper/node_modules/typescript/lib/lib.es2017.typedarrays.d.ts",
        "/home/fabian/WebstormProjects/HyruleWarriorsHelper/node_modules/typescript/lib/lib.es2018.asyncgenerator.d.ts",
        "/home/fabian/WebstormProjects/HyruleWarriorsHelper/node_modules/typescript/lib/lib.es2018.asynciterable.d.ts",
        "/home/fabian/WebstormProjects/HyruleWarriorsHelper/node_modules/typescript/lib/lib.es2018.intl.d.ts",
        "/home/fabian/WebstormProjects/HyruleWarriorsHelper/node_modules/typescript/lib/lib.es2018.promise.d.ts",
        "/home/fabian/WebstormProjects/HyruleWarriorsHelper/node_modules/typescript/lib/lib.es2018.regexp.d.ts",
        "/home/fabian/WebstormProjects/HyruleWarriorsHelper/node_modules/typescript/lib/lib.es2019.array.d.ts",
        "/home/fabian/WebstormProjects/HyruleWarriorsHelper/node_modules/typescript/lib/lib.es2019.object.d.ts",
        "/home/fabian/WebstormProjects/HyruleWarriorsHelper/node_modules/typescript/lib/lib.es2019.string.d.ts",
        "/home/fabian/WebstormProjects/HyruleWarriorsHelper/node_modules/typescript/lib/lib.es2019.symbol.d.ts",
        "/home/fabian/WebstormProjects/HyruleWarriorsHelper/node_modules/typescript/lib/lib.es2019.intl.d.ts",
        "/home/fabian/WebstormProjects/HyruleWarriorsHelper/node_modules/typescript/lib/lib.es2020.bigint.d.ts",
        "/home/fabian/WebstormProjects/HyruleWarriorsHelper/node_modules/typescript/lib/lib.es2020.date.d.ts",
        "/home/fabian/WebstormProjects/HyruleWarriorsHelper/node_modules/typescript/lib/lib.es2020.promise.d.ts",
        "/home/fabian/WebstormProjects/HyruleWarriorsHelper/node_modules/typescript/lib/lib.es2020.sharedmemory.d.ts",
        "/home/fabian/WebstormProjects/HyruleWarriorsHelper/node_modules/typescript/lib/lib.es2020.string.d.ts",
        "/home/fabian/WebstormProjects/HyruleWarriorsHelper/node_modules/typescript/lib/lib.es2020.symbol.wellknown.d.ts",
        "/home/fabian/WebstormProjects/HyruleWarriorsHelper/node_modules/typescript/lib/lib.es2020.intl.d.ts",
        "/home/fabian/WebstormProjects/HyruleWarriorsHelper/node_modules/typescript/lib/lib.es2020.number.d.ts",
        "/home/fabian/WebstormProjects/HyruleWarriorsHelper/node_modules/typescript/lib/lib.es2021.promise.d.ts",
        "/home/fabian/WebstormProjects/HyruleWarriorsHelper/node_modules/typescript/lib/lib.es2021.string.d.ts",
        "/home/fabian/WebstormProjects/HyruleWarriorsHelper/node_modules/typescript/lib/lib.es2021.weakref.d.ts",
        "/home/fabian/WebstormProjects/HyruleWarriorsHelper/node_modules/typescript/lib/lib.es2021.intl.d.ts",
        "/home/fabian/WebstormProjects/HyruleWarriorsHelper/node_modules/typescript/lib/lib.es2022.array.d.ts",
        "/home/fabian/WebstormProjects/HyruleWarriorsHelper/node_modules/typescript/lib/lib.es2022.error.d.ts",
        "/home/fabian/WebstormProjects/HyruleWarriorsHelper/node_modules/typescript/lib/lib.es2022.intl.d.ts",
        "/home/fabian/WebstormProjects/HyruleWarriorsHelper/node_modules/typescript/lib/lib.es2022.object.d.ts",
        "/home/fabian/WebstormProjects/HyruleWarriorsHelper/node_modules/typescript/lib/lib.es2022.string.d.ts",
        "/home/fabian/WebstormProjects/HyruleWarriorsHelper/node_modules/typescript/lib/lib.es2022.regexp.d.ts",
        "/home/fabian/WebstormProjects/HyruleWarriorsHelper/node_modules/typescript/lib/lib.decorators.d.ts",
        "/home/fabian/WebstormProjects/HyruleWarriorsHelper/node_modules/typescript/lib/lib.decorators.legacy.d.ts",
        "/home/fabian/WebstormProjects/HyruleWarriorsHelper/node_modules/typescript/lib/lib.es2022.full.d.ts",
        "/home/fabian/WebstormProjects/HyruleWarriorsHelper/node_modules/@angular/forms/types/forms.d.ts"
      ],
      "compilerOptions": {
        "noPropertyAccessFromIndexSignature": true,
        "experimentalDecorators": true,
        "noFallthroughCasesInSwitch": true,
        "skipLibCheck": true,
        "module": 200,
        "noImplicitOverride": true,
        "isolatedModules": true,
        "importHelpers": true,
        "noImplicitReturns": true,
        "target": 9,
        "allowNonTsExtensions": true,
        "noEmitForJsFiles": true
      },
      "typeAcquisition": {
        "enable": true,
        "include": [],
        "exclude": []
      },
      "unresolvedImports": [],
      "projectRootPath": "/home/fabian/WebstormProjects/HyruleWarriorsHelper/node_modules/@angular/forms/types",
      "kind": "discover"
    }
[23:01:12.847] Explicitly included types: []
[23:01:12.848] Inferred typings from unresolved imports: []
[23:01:12.848] Finished typings discovery:
    {
      "cachedTypingPaths": [],
      "newTypingNames": [],
      "filesToWatch": [
        "/home/fabian/WebstormProjects/HyruleWarriorsHelper/node_modules/@angular/forms/types/bower_components",
        "/home/fabian/WebstormProjects/HyruleWarriorsHelper/node_modules/@angular/forms/types/node_modules"
      ]
    }
[23:01:12.848] Sending response:
    {
      "kind": "action::watchTypingLocations",
      "projectName": "/dev/null/inferredProject6*",
      "files": [
        "/home/fabian/WebstormProjects/HyruleWarriorsHelper/node_modules/@angular/forms/types/bower_components",
        "/home/fabian/WebstormProjects/HyruleWarriorsHelper/node_modules/@angular/forms/types/node_modules"
      ]
    }
[23:01:12.848] Response has been sent.
[23:01:12.848] Sending response:
    {
      "projectName": "/dev/null/inferredProject6*",
      "typeAcquisition": {
        "enable": true,
        "include": [],
        "exclude": []
      },
      "compilerOptions": {
        "noPropertyAccessFromIndexSignature": true,
        "experimentalDecorators": true,
        "noFallthroughCasesInSwitch": true,
        "skipLibCheck": true,
        "module": 200,
        "noImplicitOverride": true,
        "isolatedModules": true,
        "importHelpers": true,
        "noImplicitReturns": true,
        "target": 9,
        "allowNonTsExtensions": true,
        "noEmitForJsFiles": true
      },
      "typings": [],
      "unresolvedImports": [],
      "kind": "action::set"
    }
[23:01:12.848] Response has been sent.
[23:01:12.848] No new typings were requested as a result of typings discovery
[23:51:39.470] Closing file watchers for project '/dev/null/inferredProject4*'
[23:51:39.470] Sending response:
    {
      "kind": "action::watchTypingLocations",
      "projectName": "/dev/null/inferredProject4*",
      "files": []
    }
[23:51:39.470] Response has been sent.
[23:51:39.470] Closing file watchers for project '/dev/null/inferredProject4*' - done.
[23:51:39.472] Closing file watchers for project '/dev/null/inferredProject5*'
[23:51:39.472] Sending response:
    {
      "kind": "action::watchTypingLocations",
      "projectName": "/dev/null/inferredProject5*",
      "files": []
    }
[23:51:39.472] Response has been sent.
[23:51:39.472] Closing file watchers for project '/dev/null/inferredProject5*' - done.
[00:41:33.560] Closing file watchers for project '/dev/null/inferredProject6*'
[00:41:33.561] Sending response:
    {
      "kind": "action::watchTypingLocations",
      "projectName": "/dev/null/inferredProject6*",
      "files": []
    }
[00:41:33.561] Response has been sent.
[00:41:33.561] Closing file watchers for project '/dev/null/inferredProject6*' - done.
[00:41:33.655] Got install request
    {
      "projectName": "/dev/null/inferredProject7*",
      "fileNames": [
        "/home/fabian/WebstormProjects/HyruleWarriorsHelper/node_modules/typescript/lib/lib.es5.d.ts",
        "/home/fabian/WebstormProjects/HyruleWarriorsHelper/node_modules/typescript/lib/lib.es2015.d.ts",
        "/home/fabian/WebstormProjects/HyruleWarriorsHelper/node_modules/typescript/lib/lib.es2016.d.ts",
        "/home/fabian/WebstormProjects/HyruleWarriorsHelper/node_modules/typescript/lib/lib.es2017.d.ts",
        "/home/fabian/WebstormProjects/HyruleWarriorsHelper/node_modules/typescript/lib/lib.es2018.d.ts",
        "/home/fabian/WebstormProjects/HyruleWarriorsHelper/node_modules/typescript/lib/lib.es2019.d.ts",
        "/home/fabian/WebstormProjects/HyruleWarriorsHelper/node_modules/typescript/lib/lib.es2020.d.ts",
        "/home/fabian/WebstormProjects/HyruleWarriorsHelper/node_modules/typescript/lib/lib.es2021.d.ts",
        "/home/fabian/WebstormProjects/HyruleWarriorsHelper/node_modules/typescript/lib/lib.es2022.d.ts",
        "/home/fabian/WebstormProjects/HyruleWarriorsHelper/node_modules/typescript/lib/lib.dom.d.ts",
        "/home/fabian/WebstormProjects/HyruleWarriorsHelper/node_modules/typescript/lib/lib.dom.iterable.d.ts",
        "/home/fabian/WebstormProjects/HyruleWarriorsHelper/node_modules/typescript/lib/lib.dom.asynciterable.d.ts",
        "/home/fabian/WebstormProjects/HyruleWarriorsHelper/node_modules/typescript/lib/lib.webworker.importscripts.d.ts",
        "/home/fabian/WebstormProjects/HyruleWarriorsHelper/node_modules/typescript/lib/lib.scripthost.d.ts",
        "/home/fabian/WebstormProjects/HyruleWarriorsHelper/node_modules/typescript/lib/lib.es2015.core.d.ts",
        "/home/fabian/WebstormProjects/HyruleWarriorsHelper/node_modules/typescript/lib/lib.es2015.collection.d.ts",
        "/home/fabian/WebstormProjects/HyruleWarriorsHelper/node_modules/typescript/lib/lib.es2015.generator.d.ts",
        "/home/fabian/WebstormProjects/HyruleWarriorsHelper/node_modules/typescript/lib/lib.es2015.iterable.d.ts",
        "/home/fabian/WebstormProjects/HyruleWarriorsHelper/node_modules/typescript/lib/lib.es2015.promise.d.ts",
        "/home/fabian/WebstormProjects/HyruleWarriorsHelper/node_modules/typescript/lib/lib.es2015.proxy.d.ts",
        "/home/fabian/WebstormProjects/HyruleWarriorsHelper/node_modules/typescript/lib/lib.es2015.reflect.d.ts",
        "/home/fabian/WebstormProjects/HyruleWarriorsHelper/node_modules/typescript/lib/lib.es2015.symbol.d.ts",
        "/home/fabian/WebstormProjects/HyruleWarriorsHelper/node_modules/typescript/lib/lib.es2015.symbol.wellknown.d.ts",
        "/home/fabian/WebstormProjects/HyruleWarriorsHelper/node_modules/typescript/lib/lib.es2016.array.include.d.ts",
        "/home/fabian/WebstormProjects/HyruleWarriorsHelper/node_modules/typescript/lib/lib.es2016.intl.d.ts",
        "/home/fabian/WebstormProjects/HyruleWarriorsHelper/node_modules/typescript/lib/lib.es2017.arraybuffer.d.ts",
        "/home/fabian/WebstormProjects/HyruleWarriorsHelper/node_modules/typescript/lib/lib.es2017.date.d.ts",
        "/home/fabian/WebstormProjects/HyruleWarriorsHelper/node_modules/typescript/lib/lib.es2017.object.d.ts",
        "/home/fabian/WebstormProjects/HyruleWarriorsHelper/node_modules/typescript/lib/lib.es2017.sharedmemory.d.ts",
        "/home/fabian/WebstormProjects/HyruleWarriorsHelper/node_modules/typescript/lib/lib.es2017.string.d.ts",
        "/home/fabian/WebstormProjects/HyruleWarriorsHelper/node_modules/typescript/lib/lib.es2017.intl.d.ts",
        "/home/fabian/WebstormProjects/HyruleWarriorsHelper/node_modules/typescript/lib/lib.es2017.typedarrays.d.ts",
        "/home/fabian/WebstormProjects/HyruleWarriorsHelper/node_modules/typescript/lib/lib.es2018.asyncgenerator.d.ts",
        "/home/fabian/WebstormProjects/HyruleWarriorsHelper/node_modules/typescript/lib/lib.es2018.asynciterable.d.ts",
        "/home/fabian/WebstormProjects/HyruleWarriorsHelper/node_modules/typescript/lib/lib.es2018.intl.d.ts",
        "/home/fabian/WebstormProjects/HyruleWarriorsHelper/node_modules/typescript/lib/lib.es2018.promise.d.ts",
        "/home/fabian/WebstormProjects/HyruleWarriorsHelper/node_modules/typescript/lib/lib.es2018.regexp.d.ts",
        "/home/fabian/WebstormProjects/HyruleWarriorsHelper/node_modules/typescript/lib/lib.es2019.array.d.ts",
        "/home/fabian/WebstormProjects/HyruleWarriorsHelper/node_modules/typescript/lib/lib.es2019.object.d.ts",
        "/home/fabian/WebstormProjects/HyruleWarriorsHelper/node_modules/typescript/lib/lib.es2019.string.d.ts",
        "/home/fabian/WebstormProjects/HyruleWarriorsHelper/node_modules/typescript/lib/lib.es2019.symbol.d.ts",
        "/home/fabian/WebstormProjects/HyruleWarriorsHelper/node_modules/typescript/lib/lib.es2019.intl.d.ts",
        "/home/fabian/WebstormProjects/HyruleWarriorsHelper/node_modules/typescript/lib/lib.es2020.bigint.d.ts",
        "/home/fabian/WebstormProjects/HyruleWarriorsHelper/node_modules/typescript/lib/lib.es2020.date.d.ts",
        "/home/fabian/WebstormProjects/HyruleWarriorsHelper/node_modules/typescript/lib/lib.es2020.promise.d.ts",
        "/home/fabian/WebstormProjects/HyruleWarriorsHelper/node_modules/typescript/lib/lib.es2020.sharedmemory.d.ts",
        "/home/fabian/WebstormProjects/HyruleWarriorsHelper/node_modules/typescript/lib/lib.es2020.string.d.ts",
        "/home/fabian/WebstormProjects/HyruleWarriorsHelper/node_modules/typescript/lib/lib.es2020.symbol.wellknown.d.ts",
        "/home/fabian/WebstormProjects/HyruleWarriorsHelper/node_modules/typescript/lib/lib.es2020.intl.d.ts",
        "/home/fabian/WebstormProjects/HyruleWarriorsHelper/node_modules/typescript/lib/lib.es2020.number.d.ts",
        "/home/fabian/WebstormProjects/HyruleWarriorsHelper/node_modules/typescript/lib/lib.es2021.promise.d.ts",
        "/home/fabian/WebstormProjects/HyruleWarriorsHelper/node_modules/typescript/lib/lib.es2021.string.d.ts",
        "/home/fabian/WebstormProjects/HyruleWarriorsHelper/node_modules/typescript/lib/lib.es2021.weakref.d.ts",
        "/home/fabian/WebstormProjects/HyruleWarriorsHelper/node_modules/typescript/lib/lib.es2021.intl.d.ts",
        "/home/fabian/WebstormProjects/HyruleWarriorsHelper/node_modules/typescript/lib/lib.es2022.array.d.ts",
        "/home/fabian/WebstormProjects/HyruleWarriorsHelper/node_modules/typescript/lib/lib.es2022.error.d.ts",
        "/home/fabian/WebstormProjects/HyruleWarriorsHelper/node_modules/typescript/lib/lib.es2022.intl.d.ts",
        "/home/fabian/WebstormProjects/HyruleWarriorsHelper/node_modules/typescript/lib/lib.es2022.object.d.ts",
        "/home/fabian/WebstormProjects/HyruleWarriorsHelper/node_modules/typescript/lib/lib.es2022.string.d.ts",
        "/home/fabian/WebstormProjects/HyruleWarriorsHelper/node_modules/typescript/lib/lib.es2022.regexp.d.ts",
        "/home/fabian/WebstormProjects/HyruleWarriorsHelper/node_modules/typescript/lib/lib.decorators.d.ts",
        "/home/fabian/WebstormProjects/HyruleWarriorsHelper/node_modules/typescript/lib/lib.decorators.legacy.d.ts",
        "/home/fabian/WebstormProjects/HyruleWarriorsHelper/node_modules/typescript/lib/lib.es2022.full.d.ts",
        "/home/fabian/WebstormProjects/HyruleWarriorsHelper/node_modules/@angular/forms/types/forms.d.ts",
        "/home/fabian/WebstormProjects/HyruleWarriorsHelper/node_modules/@angular/forms/types/_structure-chunk.d.ts"
      ],
      "compilerOptions": {
        "noPropertyAccessFromIndexSignature": true,
        "experimentalDecorators": true,
        "noFallthroughCasesInSwitch": true,
        "skipLibCheck": true,
        "module": 200,
        "noImplicitOverride": true,
        "isolatedModules": true,
        "importHelpers": true,
        "noImplicitReturns": true,
        "target": 9,
        "allowNonTsExtensions": true,
        "noEmitForJsFiles": true
      },
      "typeAcquisition": {
        "enable": true,
        "include": [],
        "exclude": []
      },
      "unresolvedImports": [],
      "projectRootPath": "/home/fabian/WebstormProjects/HyruleWarriorsHelper/node_modules/@angular/forms/types",
      "kind": "discover"
    }
[00:41:33.655] Explicitly included types: []
[00:41:33.655] Inferred typings from unresolved imports: []
[00:41:33.655] Finished typings discovery:
    {
      "cachedTypingPaths": [],
      "newTypingNames": [],
      "filesToWatch": [
        "/home/fabian/WebstormProjects/HyruleWarriorsHelper/node_modules/@angular/forms/types/bower_components",
        "/home/fabian/WebstormProjects/HyruleWarriorsHelper/node_modules/@angular/forms/types/node_modules"
      ]
    }
[00:41:33.655] Sending response:
    {
      "kind": "action::watchTypingLocations",
      "projectName": "/dev/null/inferredProject7*",
      "files": [
        "/home/fabian/WebstormProjects/HyruleWarriorsHelper/node_modules/@angular/forms/types/bower_components",
        "/home/fabian/WebstormProjects/HyruleWarriorsHelper/node_modules/@angular/forms/types/node_modules"
      ]
    }
[00:41:33.655] Response has been sent.
[00:41:33.655] Sending response:
    {
      "projectName": "/dev/null/inferredProject7*",
      "typeAcquisition": {
        "enable": true,
        "include": [],
        "exclude": []
      },
      "compilerOptions": {
        "noPropertyAccessFromIndexSignature": true,
        "experimentalDecorators": true,
        "noFallthroughCasesInSwitch": true,
        "skipLibCheck": true,
        "module": 200,
        "noImplicitOverride": true,
        "isolatedModules": true,
        "importHelpers": true,
        "noImplicitReturns": true,
        "target": 9,
        "allowNonTsExtensions": true,
        "noEmitForJsFiles": true
      },
      "typings": [],
      "unresolvedImports": [],
      "kind": "action::set"
    }
[00:41:33.655] Response has been sent.
[00:41:33.655] No new typings were requested as a result of typings discovery
